\BOOKMARK [0][-]{chapter*.1}{\376\377\000A\000b\000s\000t\000r\000a\000c\000t}{}% 1
\BOOKMARK [0][-]{chapter.1}{\376\377\000I\000n\000t\000r\000o\000d\000u\000c\000t\000i\000o\000n}{}% 2
\BOOKMARK [1][-]{section.1.1}{\376\377\000T\000h\000e\000o\000r\000e\000t\000i\000c\000a\000l\000\040\000B\000a\000c\000k\000g\000r\000o\000u\000n\000d}{chapter.1}% 3
\BOOKMARK [2][-]{subsection.1.1.1}{\376\377\000C\000o\000s\000m\000o\000l\000o\000g\000i\000c\000a\000l\000\040\000F\000r\000a\000m\000e\000w\000o\000r\000k}{section.1.1}% 4
\BOOKMARK [2][-]{subsection.1.1.2}{\376\377\000C\000o\000s\000m\000o\000l\000o\000g\000i\000c\000a\000l\000\040\000S\000i\000m\000u\000l\000a\000t\000i\000o\000n\000s}{section.1.1}% 5
\BOOKMARK [1][-]{section.1.2}{\376\377\000S\000u\000p\000e\000r\000-\000R\000e\000s\000o\000l\000u\000t\000i\000o\000n\000\040\000M\000e\000t\000h\000o\000d\000s}{chapter.1}% 6
\BOOKMARK [2][-]{subsection.1.2.1}{\376\377\000T\000h\000e\000\040\000M\000e\000m\000o\000r\000y\000\040\000P\000r\000o\000b\000l\000e\000m\000\040\000o\000n\000\040\000t\000h\000e\000\040\000S\000p\000h\000e\000r\000e}{section.1.2}% 7
\BOOKMARK [2][-]{subsection.1.2.2}{\376\377\000A\000r\000c\000h\000i\000t\000e\000c\000t\000u\000r\000e\000s}{section.1.2}% 8
\BOOKMARK [2][-]{subsection.1.2.3}{\376\377\000D\000i\000s\000t\000r\000i\000b\000u\000t\000i\000o\000n\000-\000M\000a\000t\000c\000h\000i\000n\000g\000\040\000O\000b\000j\000e\000c\000t\000i\000v\000e\000s}{section.1.2}% 9
\BOOKMARK [0][-]{chapter.2}{\376\377\000M\000e\000t\000h\000o\000d\000s\000\040\000a\000n\000d\000\040\000i\000m\000p\000l\000e\000m\000e\000n\000t\000a\000t\000i\000o\000n}{}% 10
\BOOKMARK [1][-]{section.2.1}{\376\377\000P\000i\000p\000e\000l\000i\000n\000e\000\040\000A\000r\000c\000h\000i\000t\000e\000c\000t\000u\000r\000e}{chapter.2}% 11
\BOOKMARK [1][-]{section.2.2}{\376\377\000I\000n\000i\000t\000i\000a\000l\000-\000C\000o\000n\000d\000i\000t\000i\000o\000n\000\040\000G\000e\000n\000e\000r\000a\000t\000i\000o\000n}{chapter.2}% 12
\BOOKMARK [2][-]{subsection.2.2.1}{\376\377\000R\000e\000c\000o\000n\000s\000t\000r\000u\000c\000t\000i\000n\000g\000\040\000t\000h\000e\000\040\000L\000i\000n\000e\000a\000r\000\040\000I\000n\000p\000u\000t\000\040\000a\000n\000d\000\040\000H\000a\000n\000d\000i\000n\000g\000\040\000I\000t\000\040\000O\000v\000e\000r}{section.2.2}% 13
\BOOKMARK [1][-]{section.2.3}{\376\377\000S\000h\000e\000l\000l\000\040\000B\000u\000i\000l\000d\000e\000r}{chapter.2}% 14
\BOOKMARK [2][-]{subsection.2.3.1}{\376\377\000S\000t\000r\000e\000a\000m\000i\000n\000g\000\040\000S\000h\000e\000l\000l\000\040\000A\000c\000c\000u\000m\000u\000l\000a\000t\000i\000o\000n}{section.2.3}% 15
\BOOKMARK [2][-]{subsection.2.3.2}{\376\377\000C\000r\000o\000s\000s\000i\000n\000g\000\040\000C\000o\000n\000d\000i\000t\000i\000o\000n}{section.2.3}% 16
\BOOKMARK [1][-]{section.2.4}{\376\377\000C\000o\000r\000r\000e\000c\000t\000i\000o\000n\000\040\000P\000i\000p\000e\000l\000i\000n\000e\000s}{chapter.2}% 17
\BOOKMARK [2][-]{subsection.2.4.1}{\376\377\000P\000a\000t\000c\000h\000\040\000E\000x\000t\000r\000a\000c\000t\000i\000o\000n\000\040\000a\000n\000d\000\040\000F\000u\000l\000l\000-\000S\000k\000y\000\040\000R\000e\000c\000o\000n\000s\000t\000r\000u\000c\000t\000i\000o\000n}{section.2.4}% 18
\BOOKMARK [2][-]{subsection.2.4.2}{\376\377\000H\000a\000r\000m\000o\000n\000i\000c\000-\000S\000p\000a\000c\000e\000\040\000T\000r\000a\000n\000s\000f\000e\000r\000-\000F\000u\000n\000c\000t\000i\000o\000n\000\040\000P\000i\000p\000e\000l\000i\000n\000e}{section.2.4}% 19
\BOOKMARK [2][-]{subsection.2.4.3}{\376\377\000U\000-\000N\000e\000t\000\040\000F\000l\000o\000w\000-\000M\000a\000t\000c\000h\000i\000n\000g\000\040\000P\000i\000p\000e\000l\000i\000n\000e}{section.2.4}% 20
\BOOKMARK [2][-]{subsection.2.4.4}{\376\377\000D\000i\000f\000f\000u\000s\000i\000o\000n\000\040\000P\000i\000p\000e\000l\000i\000n\000e\000\040\000\050\000E\000D\000M\000\051}{section.2.4}% 21
\BOOKMARK [1][-]{section.2.5}{\376\377\000C\000o\000m\000p\000u\000t\000a\000t\000i\000o\000n\000a\000l\000\040\000I\000n\000f\000r\000a\000s\000t\000r\000u\000c\000t\000u\000r\000e}{chapter.2}% 22
\BOOKMARK [2][-]{subsection.2.5.1}{\376\377\000L\000o\000c\000a\000l\000\040\000D\000e\000v\000e\000l\000o\000p\000m\000e\000n\000t}{section.2.5}% 23
\BOOKMARK [2][-]{subsection.2.5.2}{\376\377\000E\000u\000l\000e\000r\000\040\000\050\000E\000T\000H\000\040\000Z\000u\000r\000i\000c\000h\000\051}{section.2.5}% 24
\BOOKMARK [2][-]{subsection.2.5.3}{\376\377\000C\000S\000C\000S\000\040\000\050\000A\000l\000p\000s\000\051}{section.2.5}% 25
\BOOKMARK [1][-]{section.2.6}{\376\377\000S\000o\000f\000t\000w\000a\000r\000e\000\040\000E\000n\000g\000i\000n\000e\000e\000r\000i\000n\000g}{chapter.2}% 26
\BOOKMARK [2][-]{subsection.2.6.1}{\376\377\000C\000o\000d\000e\000\040\000a\000n\000d\000\040\000D\000a\000t\000a\000\040\000L\000a\000y\000o\000u\000t}{section.2.6}% 27
\BOOKMARK [2][-]{subsection.2.6.2}{\376\377\000J\000o\000b\000\040\000S\000c\000h\000e\000d\000u\000l\000i\000n\000g\000\040\000a\000n\000d\000\040\000S\000u\000b\000m\000i\000s\000s\000i\000o\000n}{section.2.6}% 28
\BOOKMARK [2][-]{subsection.2.6.3}{\376\377\000V\000e\000r\000s\000i\000o\000n\000\040\000C\000o\000n\000t\000r\000o\000l}{section.2.6}% 29
\BOOKMARK [0][-]{chapter.3}{\376\377\000R\000e\000s\000u\000l\000t\000s}{}% 30
\BOOKMARK [1][-]{section.3.1}{\376\377\000V\000a\000l\000i\000d\000a\000t\000i\000n\000g\000\040\000t\000h\000e\000\040\000S\000i\000m\000u\000l\000a\000t\000i\000o\000n\000\040\000P\000i\000p\000e\000l\000i\000n\000e}{chapter.3}% 31
\BOOKMARK [2][-]{subsection.3.1.1}{\376\377\000R\000e\000c\000o\000n\000s\000t\000r\000u\000c\000t\000i\000n\000g\000\040\000t\000h\000e\000\040\000L\000i\000n\000e\000a\000r\000\040\000I\000n\000p\000u\000t}{section.3.1}% 32
\BOOKMARK [2][-]{subsection.3.1.2}{\376\377\000V\000a\000l\000i\000d\000a\000t\000i\000o\000n\000\040\000a\000g\000a\000i\000n\000s\000t\000\040\000C\000o\000s\000m\000o\000G\000r\000i\000d\000V\0001}{section.3.1}% 33
\BOOKMARK [1][-]{section.3.2}{\376\377\000E\000v\000a\000l\000u\000a\000t\000i\000o\000n\000\040\000P\000r\000o\000t\000o\000c\000o\000l}{chapter.3}% 34
\BOOKMARK [1][-]{section.3.3}{\376\377\000T\000r\000a\000n\000s\000f\000e\000r\000-\000F\000u\000n\000c\000t\000i\000o\000n\000\040\000P\000i\000p\000e\000l\000i\000n\000e}{chapter.3}% 35
\BOOKMARK [1][-]{section.3.4}{\376\377\000U\000-\000N\000e\000t\000\040\000F\000l\000o\000w\000-\000M\000a\000t\000c\000h\000i\000n\000g\000\040\000P\000i\000p\000e\000l\000i\000n\000e}{chapter.3}% 36
\BOOKMARK [1][-]{section.3.5}{\376\377\000D\000i\000f\000f\000u\000s\000i\000o\000n\000\040\000P\000i\000p\000e\000l\000i\000n\000e}{chapter.3}% 37
\BOOKMARK [1][-]{section.3.6}{\376\377\000S\000y\000n\000t\000h\000e\000s\000i\000s}{chapter.3}% 38
\BOOKMARK [0][-]{chapter.4}{\376\377\000C\000o\000n\000c\000l\000u\000s\000i\000o\000n}{}% 39
\BOOKMARK [0][-]{appendix.A}{\376\377\000F\000i\000g\000u\000r\000e\000s}{}% 40
\BOOKMARK [1][-]{section.A.1}{\376\377\000H\000e\000l\000d\000-\000o\000u\000t\000\040\000C\000o\000s\000m\000o\000l\000o\000g\000i\000e\000s}{appendix.A}% 41
\BOOKMARK [1][-]{section.A.2}{\376\377\000C\000o\000s\000m\000o\000l\000o\000g\000y\000\040\000G\000r\000i\000d}{appendix.A}% 42
\BOOKMARK [1][-]{section.A.3}{\376\377\000P\000a\000t\000c\000h\000e\000s}{appendix.A}% 43
\BOOKMARK [1][-]{section.A.4}{\376\377\000C\000\040\000R\000a\000t\000i\000o\000s\000\040\000f\000o\000r\000\040\000S\000i\000n\000g\000l\000e\000\040\000S\000h\000e\000l\000l\000s}{appendix.A}% 44
\BOOKMARK [1][-]{section.A.5}{\376\377\000J\000o\000b\000\040\000C\000o\000n\000f\000i\000g\000u\000r\000a\000t\000i\000o\000n}{appendix.A}% 45
